eli@eli-Parallels-ARM-Virtual-Machine:~/Desktop/CSE3183Labs/Lab 2$ 
eli@eli-Parallels-ARM-Virtual-Machine:~/Desktop/CSE3183Labs/Lab 2$ 
eli@eli-Parallels-ARM-Virtual-Machine:~/Desktop/CSE3183Labs/Lab 2$ 
eli@eli-Parallels-ARM-Virtual-Machine:~/Desktop/CSE3183Labs/Lab 2$ 
eli@eli-Parallels-ARM-Virtual-Machine:~/Desktop/CSE3183Labs/Lab 2$ 
eli@eli-Parallels-ARM-Virtual-Machine:~/Desktop/CSE3183Labs/Lab 2$ 
eli@eli-Parallels-ARM-Virtual-Machine:~/Desktop/CSE3183Labs/Lab 2$ 
eli@eli-Parallels-ARM-Virtual-Machine:~/Desktop/CSE3183Labs/Lab 2$ 
eli@eli-Parallels-ARM-Virtual-Machine:~/Desktop/CSE3183Labs/Lab 2$ 
eli@eli-Parallels-ARM-Virtual-Machine:~/Desktop/CSE3183Labs/Lab 2$ 
eli@eli-Parallels-ARM-Virtual-Machine:~/Desktop/CSE3183Labs/Lab 2$ 
eli@eli-Parallels-ARM-Virtual-Machine:~/Desktop/CSE3183Labs/Lab 2$ 
eli@eli-Parallels-ARM-Virtual-Machine:~/Desktop/CSE3183Labs/Lab 2$ 
eli@eli-Parallels-ARM-Virtual-Machine:~/Desktop/CSE3183Labs/Lab 2$ 
eli@eli-Parallels-ARM-Virtual-Machine:~/Desktop/CSE3183Labs/Lab 2$ 
eli@eli-Parallels-ARM-Virtual-Machine:~/Desktop/CSE3183Labs/Lab 2$ 
eli@eli-Parallels-ARM-Virtual-Machine:~/Desktop/CSE3183Labs/Lab 2$ 
eli@eli-Parallels-ARM-Virtual-Machine:~/Desktop/CSE3183Labs/Lab 2$ ./lab2 -bb test
./lab2: invalid body numbering style: 'b'
eli@eli-Parallels-ARM-Virtual-Machine:~/Desktop/CSE3183Labs/Lab 2$ nl -bb test
nl: invalid body numbering style: ‘b’
Try 'nl --help' for more information.
eli@eli-Parallels-ARM-Virtual-Machine:~/Desktop/CSE3183Labs/Lab 2$ gcc -Wall -o lab2 lab2.c
lab2.c: In function ‘fgetline’:
lab2.c:145:14: warning: format ‘%s’ expects argument of type ‘char *’, but argument 2 has type ‘int’ [-Wformat=]
  145 |     printf("%s", errno);
      |             ~^
      |              |
      |              char *
      |             %d
eli@eli-Parallels-ARM-Virtual-Machine:~/Desktop/CSE3183Labs/Lab 2$ gcc -Wall -o lab2 lab2.c
eli@eli-Parallels-ARM-Virtual-Machine:~/Desktop/CSE3183Labs/Lab 2$ ./lab2 -bt test
0     1 Random writing with different kinds of characters. This is Eli and I am at home in Oxford instead of Starkville. test test test35
eli@eli-Parallels-ARM-Virtual-Machine:~/Desktop/CSE3183Labs/Lab 2$ man valgrind
eli@eli-Parallels-ARM-Virtual-Machine:~/Desktop/CSE3183Labs/Lab 2$ valgrind --toll=memcheck ./lab2 test
valgrind: Unknown option: --toll=memcheck
valgrind: Use --help for more information or consult the user manual.
eli@eli-Parallels-ARM-Virtual-Machine:~/Desktop/CSE3183Labs/Lab 2$ valgrind --tool=memcheck ./lab2 test
==13360== Memcheck, a memory error detector
==13360== Copyright (C) 2002-2017, and GNU GPL'd, by Julian Seward et al.
==13360== Using Valgrind-3.15.0 and LibVEX; rerun with -h for copyright info
==13360== Command: ./lab2 test
==13360== 
0     1 Random writing with different kinds of characters. This is Eli and I am at home in Oxford instead of Starkville. test test test35
==13360== 
==13360== HEAP SUMMARY:
==13360==     in use at exit: 0 bytes in 0 blocks
==13360==   total heap usage: 11 allocs, 11 frees, 1,886 bytes allocated
==13360== 
==13360== All heap blocks were freed -- no leaks are possible
==13360== 
==13360== For lists of detected and suppressed errors, rerun with: -s
==13360== ERROR SUMMARY: 0 errors from 0 contexts (suppressed: 0 from 0)
eli@eli-Parallels-ARM-Virtual-Machine:~/Desktop/CSE3183Labs/Lab 2$ valgrind --tool=memcheck ./lab2 